// Vitest Snapshot v1

exports[`single column component > should render correctly 1`] = `
"<div draggable=\\"true\\" class=\\"column__wrapper\\" data-v-973f7a55=\\"\\">
  <div class=\\"column__header\\" data-v-973f7a55=\\"\\">
    <h5 class=\\"column__header text-secondary\\" data-v-973f7a55=\\"\\">New Stage </h5>
    <div class=\\"column__header__actions\\" data-v-973f7a55=\\"\\"><button data-test=\\"btn-edit\\" class=\\"btn\\" data-v-973f7a55=\\"\\"><svg width=\\"1em\\" height=\\"1em\\" viewBox=\\"0 0 16 16\\" fill=\\"currentColor\\" role=\\"img\\" focusable=\\"false\\" data-v-973f7a55=\\"\\">
          <path d=\\"M15.502 1.94a.5.5 0 0 1 0 .706L14.459 3.69l-2-2L13.502.646a.5.5 0 0 1 .707 0l1.293 1.293zm-1.75 2.456-2-2L4.939 9.21a.5.5 0 0 0-.121.196l-.805 2.414a.25.25 0 0 0 .316.316l2.414-.805a.5.5 0 0 0 .196-.12l6.813-6.814z\\"></path>
          <path fill-rule=\\"evenodd\\" d=\\"M1 13.5A1.5 1.5 0 0 0 2.5 15h11a1.5 1.5 0 0 0 1.5-1.5v-6a.5.5 0 0 0-1 0v6a.5.5 0 0 1-.5.5h-11a.5.5 0 0 1-.5-.5v-11a.5.5 0 0 1 .5-.5H9a.5.5 0 0 0 0-1H2.5A1.5 1.5 0 0 0 1 2.5v11z\\"></path>
        </svg></button><button data-test=\\"btn-close\\" class=\\"btn\\" data-v-973f7a55=\\"\\"><svg width=\\"1em\\" height=\\"1em\\" viewBox=\\"0 0 16 16\\" fill=\\"currentColor\\" role=\\"img\\" focusable=\\"false\\" data-v-973f7a55=\\"\\">
          <path fill-rule=\\"evenodd\\" d=\\"M13.854 2.146a.5.5 0 0 1 0 .708l-11 11a.5.5 0 0 1-.708-.708l11-11a.5.5 0 0 1 .708 0Z\\"></path>
          <path fill-rule=\\"evenodd\\" d=\\"M2.146 2.146a.5.5 0 0 0 0 .708l11 11a.5.5 0 0 0 .708-.708l-11-11a.5.5 0 0 0-.708 0Z\\"></path>
        </svg></button></div>
  </div>
  <div class=\\"column__body\\" data-v-973f7a55=\\"\\">
    <div class=\\"add-task\\" data-v-973f7a55=\\"\\"><button class=\\"btn btn--add-task\\" data-v-973f7a55=\\"\\"><svg width=\\"1em\\" height=\\"1em\\" viewBox=\\"0 0 16 16\\" fill=\\"currentColor\\" role=\\"img\\" focusable=\\"false\\" data-v-973f7a55=\\"\\">
          <path fill-rule=\\"evenodd\\" d=\\"M8 2a.5.5 0 0 1 .5.5v5h5a.5.5 0 0 1 0 1h-5v5a.5.5 0 0 1-1 0v-5h-5a.5.5 0 0 1 0-1h5v-5A.5.5 0 0 1 8 2Z\\"></path>
        </svg><span class=\\"text-secondary\\" data-v-973f7a55=\\"\\">Create new task</span></button></div>
  </div>
</div>"
`;
